// Jest Snapshot v1, https://goo.gl/fbAQLP

exports[`renders the CryptoCurrency component 1`] = `
<a
  href="/cryptoquote/BitCoin"
  onClick={[Function]}
>
  <div
    className="cryptoCurrencyCard"
    data-testid="cryptoCurrency"
  >
    <header>
      <p
        className="badge"
      >
        BitCoin
      </p>
      <p
        className="cryptoCurrencyCard__symbol"
      >
        BitCoin
      </p>
    </header>
    <div
      className="cryptoCurrencyCard__body"
    >
      <span>
        Price: $
        1.25
      </span>
      <img
        alt="BitCoin"
        src="https://ichef.bbci.co.uk/news/976/cpsprodpb/6127/production/_117317842_065760657.jpg"
      />
    </div>
    <footer>
      <button
        type="button"
      >
        More...
      </button>
    </footer>
  </div>
</a>
`;

exports[`renders the Header component 1`] = `
<header
  className="header"
  data-testid="header"
>
  <div
    className="header__right"
  >
    <a
      href="/"
      onClick={[Function]}
    >
      <h1>
        Cryptocurrencies
      </h1>
    </a>
    <a
      href="/trending"
      onClick={[Function]}
    >
      <h3>
        Trending Dashboard
      </h3>
    </a>
  </div>
  <div
    className="header__search"
  >
    <input
      name="keyword"
      onChange={[Function]}
      placeholder="Search for something. Ex. iExec, Bitcoin, DOGEUSD..."
      type="text"
      value=""
    />
    <form
      onSubmit={[Function]}
    >
      <input
        className="btnSubmit"
        type="submit"
        value="Search"
      />
    </form>
  </div>
</header>
`;
